Archive member included because of file (symbol)

c:/program files (x86)/atmel/atmel toolchain/avr8 gcc/native/3.4.1061/avr8-gnu-toolchain/bin/../lib/gcc/avr/4.8.1/avr5\libgcc.a(_mulsi3.o)
                              SynthLCD.o (__mulsi3)
c:/program files (x86)/atmel/atmel toolchain/avr8 gcc/native/3.4.1061/avr8-gnu-toolchain/bin/../lib/gcc/avr/4.8.1/avr5\libgcc.a(_exit.o)
                              c:/program files (x86)/atmel/atmel toolchain/avr8 gcc/native/3.4.1061/avr8-gnu-toolchain/bin/../lib/gcc/avr/4.8.1/../../../../avr/lib/avr5/crtm328p.o (exit)
c:/program files (x86)/atmel/atmel toolchain/avr8 gcc/native/3.4.1061/avr8-gnu-toolchain/bin/../lib/gcc/avr/4.8.1/avr5\libgcc.a(_copy_data.o)
                              SynthLCD.o (__do_copy_data)
c:/program files (x86)/atmel/atmel toolchain/avr8 gcc/native/3.4.1061/avr8-gnu-toolchain/bin/../lib/gcc/avr/4.8.1/avr5\libgcc.a(_clear_bss.o)
                              serialLib.o (__do_clear_bss)
c:/program files (x86)/atmel/atmel toolchain/avr8 gcc/native/3.4.1061/avr8-gnu-toolchain/bin/../lib/gcc/avr/4.8.1/avr5\libgcc.a(_muluhisi3.o)
                              c:/program files (x86)/atmel/atmel toolchain/avr8 gcc/native/3.4.1061/avr8-gnu-toolchain/bin/../lib/gcc/avr/4.8.1/avr5\libgcc.a(_mulsi3.o) (__muluhisi3)
c:/program files (x86)/atmel/atmel toolchain/avr8 gcc/native/3.4.1061/avr8-gnu-toolchain/bin/../lib/gcc/avr/4.8.1/avr5\libgcc.a(_muldi3.o)
                              SynthLCD.o (__muldi3)
c:/program files (x86)/atmel/atmel toolchain/avr8 gcc/native/3.4.1061/avr8-gnu-toolchain/bin/../lib/gcc/avr/4.8.1/avr5\libgcc.a(_muldi3_6.o)
                              c:/program files (x86)/atmel/atmel toolchain/avr8 gcc/native/3.4.1061/avr8-gnu-toolchain/bin/../lib/gcc/avr/4.8.1/avr5\libgcc.a(_muldi3.o) (__muldi3_6)
c:/program files (x86)/atmel/atmel toolchain/avr8 gcc/native/3.4.1061/avr8-gnu-toolchain/bin/../lib/gcc/avr/4.8.1/avr5\libgcc.a(_umulsidi3.o)
                              SynthLCD.o (__umulsidi3)
c:/program files (x86)/atmel/atmel toolchain/avr8 gcc/native/3.4.1061/avr8-gnu-toolchain/bin/../lib/gcc/avr/4.8.1/avr5\libgcc.a(_udivdi3.o)
                              SynthLCD.o (__udivdi3)
c:/program files (x86)/atmel/atmel toolchain/avr8 gcc/native/3.4.1061/avr8-gnu-toolchain/bin/../lib/gcc/avr/4.8.1/avr5\libgcc.a(_udivmod64.o)
                              c:/program files (x86)/atmel/atmel toolchain/avr8 gcc/native/3.4.1061/avr8-gnu-toolchain/bin/../lib/gcc/avr/4.8.1/avr5\libgcc.a(_udivdi3.o) (__udivmod64)
c:/program files (x86)/atmel/atmel toolchain/avr8 gcc/native/3.4.1061/avr8-gnu-toolchain/bin/../lib/gcc/avr/4.8.1/avr5\libgcc.a(_ashldi3.o)
                              SynthLCD.o (__ashldi3)
c:/program files (x86)/atmel/atmel toolchain/avr8 gcc/native/3.4.1061/avr8-gnu-toolchain/bin/../lib/gcc/avr/4.8.1/avr5\libgcc.a(_ashrdi3.o)
                              SynthLCD.o (__lshrdi3)
c:/program files (x86)/atmel/atmel toolchain/avr8 gcc/native/3.4.1061/avr8-gnu-toolchain/bin/../lib/gcc/avr/4.8.1/avr5\libgcc.a(_umulhisi3.o)
                              c:/program files (x86)/atmel/atmel toolchain/avr8 gcc/native/3.4.1061/avr8-gnu-toolchain/bin/../lib/gcc/avr/4.8.1/avr5\libgcc.a(_muluhisi3.o) (__umulhisi3)

Discarded input sections

 .data          0x00000000        0x0 c:/program files (x86)/atmel/atmel toolchain/avr8 gcc/native/3.4.1061/avr8-gnu-toolchain/bin/../lib/gcc/avr/4.8.1/../../../../avr/lib/avr5/crtm328p.o
 .bss           0x00000000        0x0 c:/program files (x86)/atmel/atmel toolchain/avr8 gcc/native/3.4.1061/avr8-gnu-toolchain/bin/../lib/gcc/avr/4.8.1/../../../../avr/lib/avr5/crtm328p.o
 .group         0x00000000        0x8 MIDILib.o
 .group         0x00000000        0x8 MIDILib.o
 .group         0x00000000        0x8 MIDILib.o
 .group         0x00000000        0x8 MIDILib.o
 .group         0x00000000        0x8 MIDILib.o
 .group         0x00000000        0x8 MIDILib.o
 .group         0x00000000        0x8 MIDILib.o
 .group         0x00000000        0x8 MIDILib.o
 .group         0x00000000        0x8 MIDILib.o
 .group         0x00000000        0x8 MIDILib.o
 .group         0x00000000        0x8 MIDILib.o
 .text          0x00000000        0x0 MIDILib.o
 .data          0x00000000        0x0 MIDILib.o
 .bss           0x00000000        0x0 MIDILib.o
 .group         0x00000000        0x8 serialLib.o
 .group         0x00000000        0x8 serialLib.o
 .group         0x00000000        0x8 serialLib.o
 .group         0x00000000        0x8 serialLib.o
 .group         0x00000000        0x8 serialLib.o
 .group         0x00000000        0x8 serialLib.o
 .group         0x00000000        0x8 serialLib.o
 .group         0x00000000        0x8 serialLib.o
 .group         0x00000000        0x8 serialLib.o
 .group         0x00000000        0x8 serialLib.o
 .group         0x00000000        0x8 serialLib.o
 .group         0x00000000        0x8 serialLib.o
 .text          0x00000000        0x0 serialLib.o
 .data          0x00000000        0x0 serialLib.o
 .bss           0x00000000        0x0 serialLib.o
 .text._Z12setRXHandlerPFviE
                0x00000000        0xa serialLib.o
 .text._Z7putCharc
                0x00000000        0xe serialLib.o
 .text._Z9putStringPc
                0x00000000       0x1e serialLib.o
 .text._Z7getCharv
                0x00000000       0x36 serialLib.o
 .text._Z11bytesToReadv
                0x00000000        0xa serialLib.o
 .bss.rxEvent   0x00000000        0x2 serialLib.o
 .bss.rxMessagesRemaining
                0x00000000        0x2 serialLib.o
 .bss.rxBufferWriteIndex
                0x00000000        0x2 serialLib.o
 .bss.rxBufferReadIndex
                0x00000000        0x2 serialLib.o
 .bss.rxBuffer  0x00000000      0x100 serialLib.o
 .bss.txMessagesRemaining
                0x00000000        0x2 serialLib.o
 .bss.txBufferWriteIndex
                0x00000000        0x2 serialLib.o
 .bss.txBufferReadIndex
                0x00000000        0x2 serialLib.o
 .bss.txBuffer  0x00000000      0x100 serialLib.o
 .debug_macro   0x00000000      0xa2a serialLib.o
 .debug_macro   0x00000000       0x10 serialLib.o
 .debug_macro   0x00000000       0x1e serialLib.o
 .debug_macro   0x00000000       0x9e serialLib.o
 .debug_macro   0x00000000     0x13ae serialLib.o
 .debug_macro   0x00000000      0x13a serialLib.o
 .debug_macro   0x00000000       0xbd serialLib.o
 .debug_macro   0x00000000       0x34 serialLib.o
 .debug_macro   0x00000000       0x18 serialLib.o
 .debug_macro   0x00000000       0x6c serialLib.o
 .group         0x00000000        0x8 SynthLCD.o
 .group         0x00000000        0x8 SynthLCD.o
 .group         0x00000000        0x8 SynthLCD.o
 .group         0x00000000        0x8 SynthLCD.o
 .group         0x00000000        0x8 SynthLCD.o
 .group         0x00000000        0x8 SynthLCD.o
 .group         0x00000000        0x8 SynthLCD.o
 .group         0x00000000        0x8 SynthLCD.o
 .group         0x00000000        0x8 SynthLCD.o
 .group         0x00000000        0x8 SynthLCD.o
 .group         0x00000000        0x8 SynthLCD.o
 .group         0x00000000        0x8 SynthLCD.o
 .group         0x00000000        0x8 SynthLCD.o
 .group         0x00000000        0x8 SynthLCD.o
 .group         0x00000000        0x8 SynthLCD.o
 .group         0x00000000        0x8 SynthLCD.o
 .group         0x00000000        0x8 SynthLCD.o
 .group         0x00000000        0x8 SynthLCD.o
 .group         0x00000000        0x8 SynthLCD.o
 .group         0x00000000        0x8 SynthLCD.o
 .group         0x00000000        0x8 SynthLCD.o
 .group         0x00000000        0x8 SynthLCD.o
 .group         0x00000000        0x8 SynthLCD.o
 .group         0x00000000        0x8 SynthLCD.o
 .group         0x00000000        0x8 SynthLCD.o
 .group         0x00000000        0x8 SynthLCD.o
 .group         0x00000000        0x8 SynthLCD.o
 .group         0x00000000        0x8 SynthLCD.o
 .text          0x00000000        0x0 SynthLCD.o
 .data          0x00000000        0x0 SynthLCD.o
 .bss           0x00000000        0x0 SynthLCD.o
 .text._Z7adcInitv
                0x00000000        0xe SynthLCD.o
 .text._Z7oscInitv
                0x00000000       0x3a SynthLCD.o
 .text._Z14lfoRouteCents1v
                0x00000000      0x194 SynthLCD.o
 .text._Z14lfoRouteSemis1v
                0x00000000      0x190 SynthLCD.o
 .text._Z14lfoRouteCents2v
                0x00000000      0x194 SynthLCD.o
 .text._Z14lfoRouteSemis2v
                0x00000000      0x190 SynthLCD.o
 .text._Z15lfoRouteOc2Syncv
                0x00000000        0x2 SynthLCD.o
 .bss.filterMode
                0x00000000        0x1 SynthLCD.o
 .bss.keyArrayRead
                0x00000000        0x1 SynthLCD.o
 .bss.keyArrayWrite
                0x00000000        0x1 SynthLCD.o
 .bss.keyArray  0x00000000       0x10 SynthLCD.o
 .data.playThisNote
                0x00000000        0x1 SynthLCD.o
 .bss.prevInput
                0x00000000        0x8 SynthLCD.o
 .bss.resMix    0x00000000        0x1 SynthLCD.o
 .bss.centsConst
                0x00000000        0x4 SynthLCD.o
 .bss.lfoNoteSync
                0x00000000        0x1 SynthLCD.o
 .bss.lfoDelta  0x00000000        0x1 SynthLCD.o
 .bss.lfoPrintFreq
                0x00000000        0x1 SynthLCD.o
 .bss.lfoRoute  0x00000000        0x1 SynthLCD.o
 .data.duoMode  0x00000000        0x1 SynthLCD.o
 .bss.osc2Busy  0x00000000        0x1 SynthLCD.o
 .bss.dOsc2PhaseShift
                0x00000000        0x1 SynthLCD.o
 .bss.dOsc2OctaveShift
                0x00000000        0x1 SynthLCD.o
 .bss.osc1NoteSync
                0x00000000        0x1 SynthLCD.o
 .bss.dOsc1OctaveShift
                0x00000000        0x1 SynthLCD.o
 .bss.commandCount
                0x00000000        0x1 SynthLCD.o
 .bss.commandBytes
                0x00000000        0x3 SynthLCD.o
 .bss.updateADC
                0x00000000        0x4 SynthLCD.o
 .debug_macro   0x00000000      0xa2a SynthLCD.o
 .debug_macro   0x00000000       0x10 SynthLCD.o
 .debug_macro   0x00000000       0x1e SynthLCD.o
 .debug_macro   0x00000000       0x9e SynthLCD.o
 .debug_macro   0x00000000     0x13ae SynthLCD.o
 .debug_macro   0x00000000      0x13a SynthLCD.o
 .debug_macro   0x00000000       0xbd SynthLCD.o
 .debug_macro   0x00000000       0x34 SynthLCD.o
 .debug_macro   0x00000000       0x18 SynthLCD.o
 .debug_macro   0x00000000       0x6c SynthLCD.o
 .debug_macro   0x00000000       0x69 SynthLCD.o
 .debug_macro   0x00000000       0x28 SynthLCD.o
 .text          0x00000000        0x0 c:/program files (x86)/atmel/atmel toolchain/avr8 gcc/native/3.4.1061/avr8-gnu-toolchain/bin/../lib/gcc/avr/4.8.1/avr5\libgcc.a(_mulsi3.o)
 .data          0x00000000        0x0 c:/program files (x86)/atmel/atmel toolchain/avr8 gcc/native/3.4.1061/avr8-gnu-toolchain/bin/../lib/gcc/avr/4.8.1/avr5\libgcc.a(_mulsi3.o)
 .bss           0x00000000        0x0 c:/program files (x86)/atmel/atmel toolchain/avr8 gcc/native/3.4.1061/avr8-gnu-toolchain/bin/../lib/gcc/avr/4.8.1/avr5\libgcc.a(_mulsi3.o)
 .text.libgcc.div
                0x00000000        0x0 c:/program files (x86)/atmel/atmel toolchain/avr8 gcc/native/3.4.1061/avr8-gnu-toolchain/bin/../lib/gcc/avr/4.8.1/avr5\libgcc.a(_mulsi3.o)
 .text.libgcc   0x00000000        0x0 c:/program files (x86)/atmel/atmel toolchain/avr8 gcc/native/3.4.1061/avr8-gnu-toolchain/bin/../lib/gcc/avr/4.8.1/avr5\libgcc.a(_mulsi3.o)
 .text.libgcc.prologue
                0x00000000        0x0 c:/program files (x86)/atmel/atmel toolchain/avr8 gcc/native/3.4.1061/avr8-gnu-toolchain/bin/../lib/gcc/avr/4.8.1/avr5\libgcc.a(_mulsi3.o)
 .text.libgcc.builtins
                0x00000000        0x0 c:/program files (x86)/atmel/atmel toolchain/avr8 gcc/native/3.4.1061/avr8-gnu-toolchain/bin/../lib/gcc/avr/4.8.1/avr5\libgcc.a(_mulsi3.o)
 .text.libgcc.fmul
                0x00000000        0x0 c:/program files (x86)/atmel/atmel toolchain/avr8 gcc/native/3.4.1061/avr8-gnu-toolchain/bin/../lib/gcc/avr/4.8.1/avr5\libgcc.a(_mulsi3.o)
 .text.libgcc.fixed
                0x00000000        0x0 c:/program files (x86)/atmel/atmel toolchain/avr8 gcc/native/3.4.1061/avr8-gnu-toolchain/bin/../lib/gcc/avr/4.8.1/avr5\libgcc.a(_mulsi3.o)
 .text          0x00000000        0x0 c:/program files (x86)/atmel/atmel toolchain/avr8 gcc/native/3.4.1061/avr8-gnu-toolchain/bin/../lib/gcc/avr/4.8.1/avr5\libgcc.a(_exit.o)
 .data          0x00000000        0x0 c:/program files (x86)/atmel/atmel toolchain/avr8 gcc/native/3.4.1061/avr8-gnu-toolchain/bin/../lib/gcc/avr/4.8.1/avr5\libgcc.a(_exit.o)
 .bss           0x00000000        0x0 c:/program files (x86)/atmel/atmel toolchain/avr8 gcc/native/3.4.1061/avr8-gnu-toolchain/bin/../lib/gcc/avr/4.8.1/avr5\libgcc.a(_exit.o)
 .text.libgcc.mul
                0x00000000        0x0 c:/program files (x86)/atmel/atmel toolchain/avr8 gcc/native/3.4.1061/avr8-gnu-toolchain/bin/../lib/gcc/avr/4.8.1/avr5\libgcc.a(_exit.o)
 .text.libgcc.div
                0x00000000        0x0 c:/program files (x86)/atmel/atmel toolchain/avr8 gcc/native/3.4.1061/avr8-gnu-toolchain/bin/../lib/gcc/avr/4.8.1/avr5\libgcc.a(_exit.o)
 .text.libgcc   0x00000000        0x0 c:/program files (x86)/atmel/atmel toolchain/avr8 gcc/native/3.4.1061/avr8-gnu-toolchain/bin/../lib/gcc/avr/4.8.1/avr5\libgcc.a(_exit.o)
 .text.libgcc.prologue
                0x00000000        0x0 c:/program files (x86)/atmel/atmel toolchain/avr8 gcc/native/3.4.1061/avr8-gnu-toolchain/bin/../lib/gcc/avr/4.8.1/avr5\libgcc.a(_exit.o)
 .text.libgcc.builtins
                0x00000000        0x0 c:/program files (x86)/atmel/atmel toolchain/avr8 gcc/native/3.4.1061/avr8-gnu-toolchain/bin/../lib/gcc/avr/4.8.1/avr5\libgcc.a(_exit.o)
 .text.libgcc.fmul
                0x00000000        0x0 c:/program files (x86)/atmel/atmel toolchain/avr8 gcc/native/3.4.1061/avr8-gnu-toolchain/bin/../lib/gcc/avr/4.8.1/avr5\libgcc.a(_exit.o)
 .text.libgcc.fixed
                0x00000000        0x0 c:/program files (x86)/atmel/atmel toolchain/avr8 gcc/native/3.4.1061/avr8-gnu-toolchain/bin/../lib/gcc/avr/4.8.1/avr5\libgcc.a(_exit.o)
 .text          0x00000000        0x0 c:/program files (x86)/atmel/atmel toolchain/avr8 gcc/native/3.4.1061/avr8-gnu-toolchain/bin/../lib/gcc/avr/4.8.1/avr5\libgcc.a(_copy_data.o)
 .data          0x00000000        0x0 c:/program files (x86)/atmel/atmel toolchain/avr8 gcc/native/3.4.1061/avr8-gnu-toolchain/bin/../lib/gcc/avr/4.8.1/avr5\libgcc.a(_copy_data.o)
 .bss           0x00000000        0x0 c:/program files (x86)/atmel/atmel toolchain/avr8 gcc/native/3.4.1061/avr8-gnu-toolchain/bin/../lib/gcc/avr/4.8.1/avr5\libgcc.a(_copy_data.o)
 .text.libgcc.mul
                0x00000000        0x0 c:/program files (x86)/atmel/atmel toolchain/avr8 gcc/native/3.4.1061/avr8-gnu-toolchain/bin/../lib/gcc/avr/4.8.1/avr5\libgcc.a(_copy_data.o)
 .text.libgcc.div
                0x00000000        0x0 c:/program files (x86)/atmel/atmel toolchain/avr8 gcc/native/3.4.1061/avr8-gnu-toolchain/bin/../lib/gcc/avr/4.8.1/avr5\libgcc.a(_copy_data.o)
 .text.libgcc   0x00000000        0x0 c:/program files (x86)/atmel/atmel toolchain/avr8 gcc/native/3.4.1061/avr8-gnu-toolchain/bin/../lib/gcc/avr/4.8.1/avr5\libgcc.a(_copy_data.o)
 .text.libgcc.prologue
                0x00000000        0x0 c:/program files (x86)/atmel/atmel toolchain/avr8 gcc/native/3.4.1061/avr8-gnu-toolchain/bin/../lib/gcc/avr/4.8.1/avr5\libgcc.a(_copy_data.o)
 .text.libgcc.builtins
                0x00000000        0x0 c:/program files (x86)/atmel/atmel toolchain/avr8 gcc/native/3.4.1061/avr8-gnu-toolchain/bin/../lib/gcc/avr/4.8.1/avr5\libgcc.a(_copy_data.o)
 .text.libgcc.fmul
                0x00000000        0x0 c:/program files (x86)/atmel/atmel toolchain/avr8 gcc/native/3.4.1061/avr8-gnu-toolchain/bin/../lib/gcc/avr/4.8.1/avr5\libgcc.a(_copy_data.o)
 .text.libgcc.fixed
                0x00000000        0x0 c:/program files (x86)/atmel/atmel toolchain/avr8 gcc/native/3.4.1061/avr8-gnu-toolchain/bin/../lib/gcc/avr/4.8.1/avr5\libgcc.a(_copy_data.o)
 .text          0x00000000        0x0 c:/program files (x86)/atmel/atmel toolchain/avr8 gcc/native/3.4.1061/avr8-gnu-toolchain/bin/../lib/gcc/avr/4.8.1/avr5\libgcc.a(_clear_bss.o)
 .data          0x00000000        0x0 c:/program files (x86)/atmel/atmel toolchain/avr8 gcc/native/3.4.1061/avr8-gnu-toolchain/bin/../lib/gcc/avr/4.8.1/avr5\libgcc.a(_clear_bss.o)
 .bss           0x00000000        0x0 c:/program files (x86)/atmel/atmel toolchain/avr8 gcc/native/3.4.1061/avr8-gnu-toolchain/bin/../lib/gcc/avr/4.8.1/avr5\libgcc.a(_clear_bss.o)
 .text.libgcc.mul
                0x00000000        0x0 c:/program files (x86)/atmel/atmel toolchain/avr8 gcc/native/3.4.1061/avr8-gnu-toolchain/bin/../lib/gcc/avr/4.8.1/avr5\libgcc.a(_clear_bss.o)
 .text.libgcc.div
                0x00000000        0x0 c:/program files (x86)/atmel/atmel toolchain/avr8 gcc/native/3.4.1061/avr8-gnu-toolchain/bin/../lib/gcc/avr/4.8.1/avr5\libgcc.a(_clear_bss.o)
 .text.libgcc   0x00000000        0x0 c:/program files (x86)/atmel/atmel toolchain/avr8 gcc/native/3.4.1061/avr8-gnu-toolchain/bin/../lib/gcc/avr/4.8.1/avr5\libgcc.a(_clear_bss.o)
 .text.libgcc.prologue
                0x00000000        0x0 c:/program files (x86)/atmel/atmel toolchain/avr8 gcc/native/3.4.1061/avr8-gnu-toolchain/bin/../lib/gcc/avr/4.8.1/avr5\libgcc.a(_clear_bss.o)
 .text.libgcc.builtins
                0x00000000        0x0 c:/program files (x86)/atmel/atmel toolchain/avr8 gcc/native/3.4.1061/avr8-gnu-toolchain/bin/../lib/gcc/avr/4.8.1/avr5\libgcc.a(_clear_bss.o)
 .text.libgcc.fmul
                0x00000000        0x0 c:/program files (x86)/atmel/atmel toolchain/avr8 gcc/native/3.4.1061/avr8-gnu-toolchain/bin/../lib/gcc/avr/4.8.1/avr5\libgcc.a(_clear_bss.o)
 .text.libgcc.fixed
                0x00000000        0x0 c:/program files (x86)/atmel/atmel toolchain/avr8 gcc/native/3.4.1061/avr8-gnu-toolchain/bin/../lib/gcc/avr/4.8.1/avr5\libgcc.a(_clear_bss.o)
 .text          0x00000000        0x0 c:/program files (x86)/atmel/atmel toolchain/avr8 gcc/native/3.4.1061/avr8-gnu-toolchain/bin/../lib/gcc/avr/4.8.1/avr5\libgcc.a(_muluhisi3.o)
 .data          0x00000000        0x0 c:/program files (x86)/atmel/atmel toolchain/avr8 gcc/native/3.4.1061/avr8-gnu-toolchain/bin/../lib/gcc/avr/4.8.1/avr5\libgcc.a(_muluhisi3.o)
 .bss           0x00000000        0x0 c:/program files (x86)/atmel/atmel toolchain/avr8 gcc/native/3.4.1061/avr8-gnu-toolchain/bin/../lib/gcc/avr/4.8.1/avr5\libgcc.a(_muluhisi3.o)
 .text.libgcc.div
                0x00000000        0x0 c:/program files (x86)/atmel/atmel toolchain/avr8 gcc/native/3.4.1061/avr8-gnu-toolchain/bin/../lib/gcc/avr/4.8.1/avr5\libgcc.a(_muluhisi3.o)
 .text.libgcc   0x00000000        0x0 c:/program files (x86)/atmel/atmel toolchain/avr8 gcc/native/3.4.1061/avr8-gnu-toolchain/bin/../lib/gcc/avr/4.8.1/avr5\libgcc.a(_muluhisi3.o)
 .text.libgcc.prologue
                0x00000000        0x0 c:/program files (x86)/atmel/atmel toolchain/avr8 gcc/native/3.4.1061/avr8-gnu-toolchain/bin/../lib/gcc/avr/4.8.1/avr5\libgcc.a(_muluhisi3.o)
 .text.libgcc.builtins
                0x00000000        0x0 c:/program files (x86)/atmel/atmel toolchain/avr8 gcc/native/3.4.1061/avr8-gnu-toolchain/bin/../lib/gcc/avr/4.8.1/avr5\libgcc.a(_muluhisi3.o)
 .text.libgcc.fmul
                0x00000000        0x0 c:/program files (x86)/atmel/atmel toolchain/avr8 gcc/native/3.4.1061/avr8-gnu-toolchain/bin/../lib/gcc/avr/4.8.1/avr5\libgcc.a(_muluhisi3.o)
 .text.libgcc.fixed
                0x00000000        0x0 c:/program files (x86)/atmel/atmel toolchain/avr8 gcc/native/3.4.1061/avr8-gnu-toolchain/bin/../lib/gcc/avr/4.8.1/avr5\libgcc.a(_muluhisi3.o)
 .text          0x00000000        0x0 c:/program files (x86)/atmel/atmel toolchain/avr8 gcc/native/3.4.1061/avr8-gnu-toolchain/bin/../lib/gcc/avr/4.8.1/avr5\libgcc.a(_muldi3.o)
 .data          0x00000000        0x0 c:/program files (x86)/atmel/atmel toolchain/avr8 gcc/native/3.4.1061/avr8-gnu-toolchain/bin/../lib/gcc/avr/4.8.1/avr5\libgcc.a(_muldi3.o)
 .bss           0x00000000        0x0 c:/program files (x86)/atmel/atmel toolchain/avr8 gcc/native/3.4.1061/avr8-gnu-toolchain/bin/../lib/gcc/avr/4.8.1/avr5\libgcc.a(_muldi3.o)
 .text.libgcc.div
                0x00000000        0x0 c:/program files (x86)/atmel/atmel toolchain/avr8 gcc/native/3.4.1061/avr8-gnu-toolchain/bin/../lib/gcc/avr/4.8.1/avr5\libgcc.a(_muldi3.o)
 .text.libgcc   0x00000000        0x0 c:/program files (x86)/atmel/atmel toolchain/avr8 gcc/native/3.4.1061/avr8-gnu-toolchain/bin/../lib/gcc/avr/4.8.1/avr5\libgcc.a(_muldi3.o)
 .text.libgcc.prologue
                0x00000000        0x0 c:/program files (x86)/atmel/atmel toolchain/avr8 gcc/native/3.4.1061/avr8-gnu-toolchain/bin/../lib/gcc/avr/4.8.1/avr5\libgcc.a(_muldi3.o)
 .text.libgcc.builtins
                0x00000000        0x0 c:/program files (x86)/atmel/atmel toolchain/avr8 gcc/native/3.4.1061/avr8-gnu-toolchain/bin/../lib/gcc/avr/4.8.1/avr5\libgcc.a(_muldi3.o)
 .text.libgcc.fmul
                0x00000000        0x0 c:/program files (x86)/atmel/atmel toolchain/avr8 gcc/native/3.4.1061/avr8-gnu-toolchain/bin/../lib/gcc/avr/4.8.1/avr5\libgcc.a(_muldi3.o)
 .text.libgcc.fixed
                0x00000000        0x0 c:/program files (x86)/atmel/atmel toolchain/avr8 gcc/native/3.4.1061/avr8-gnu-toolchain/bin/../lib/gcc/avr/4.8.1/avr5\libgcc.a(_muldi3.o)
 .text          0x00000000        0x0 c:/program files (x86)/atmel/atmel toolchain/avr8 gcc/native/3.4.1061/avr8-gnu-toolchain/bin/../lib/gcc/avr/4.8.1/avr5\libgcc.a(_muldi3_6.o)
 .data          0x00000000        0x0 c:/program files (x86)/atmel/atmel toolchain/avr8 gcc/native/3.4.1061/avr8-gnu-toolchain/bin/../lib/gcc/avr/4.8.1/avr5\libgcc.a(_muldi3_6.o)
 .bss           0x00000000        0x0 c:/program files (x86)/atmel/atmel toolchain/avr8 gcc/native/3.4.1061/avr8-gnu-toolchain/bin/../lib/gcc/avr/4.8.1/avr5\libgcc.a(_muldi3_6.o)
 .text.libgcc.div
                0x00000000        0x0 c:/program files (x86)/atmel/atmel toolchain/avr8 gcc/native/3.4.1061/avr8-gnu-toolchain/bin/../lib/gcc/avr/4.8.1/avr5\libgcc.a(_muldi3_6.o)
 .text.libgcc   0x00000000        0x0 c:/program files (x86)/atmel/atmel toolchain/avr8 gcc/native/3.4.1061/avr8-gnu-toolchain/bin/../lib/gcc/avr/4.8.1/avr5\libgcc.a(_muldi3_6.o)
 .text.libgcc.prologue
                0x00000000        0x0 c:/program files (x86)/atmel/atmel toolchain/avr8 gcc/native/3.4.1061/avr8-gnu-toolchain/bin/../lib/gcc/avr/4.8.1/avr5\libgcc.a(_muldi3_6.o)
 .text.libgcc.builtins
                0x00000000        0x0 c:/program files (x86)/atmel/atmel toolchain/avr8 gcc/native/3.4.1061/avr8-gnu-toolchain/bin/../lib/gcc/avr/4.8.1/avr5\libgcc.a(_muldi3_6.o)
 .text.libgcc.fmul
                0x00000000        0x0 c:/program files (x86)/atmel/atmel toolchain/avr8 gcc/native/3.4.1061/avr8-gnu-toolchain/bin/../lib/gcc/avr/4.8.1/avr5\libgcc.a(_muldi3_6.o)
 .text.libgcc.fixed
                0x00000000        0x0 c:/program files (x86)/atmel/atmel toolchain/avr8 gcc/native/3.4.1061/avr8-gnu-toolchain/bin/../lib/gcc/avr/4.8.1/avr5\libgcc.a(_muldi3_6.o)
 .text          0x00000000        0x0 c:/program files (x86)/atmel/atmel toolchain/avr8 gcc/native/3.4.1061/avr8-gnu-toolchain/bin/../lib/gcc/avr/4.8.1/avr5\libgcc.a(_umulsidi3.o)
 .data          0x00000000        0x0 c:/program files (x86)/atmel/atmel toolchain/avr8 gcc/native/3.4.1061/avr8-gnu-toolchain/bin/../lib/gcc/avr/4.8.1/avr5\libgcc.a(_umulsidi3.o)
 .bss           0x00000000        0x0 c:/program files (x86)/atmel/atmel toolchain/avr8 gcc/native/3.4.1061/avr8-gnu-toolchain/bin/../lib/gcc/avr/4.8.1/avr5\libgcc.a(_umulsidi3.o)
 .text.libgcc.div
                0x00000000        0x0 c:/program files (x86)/atmel/atmel toolchain/avr8 gcc/native/3.4.1061/avr8-gnu-toolchain/bin/../lib/gcc/avr/4.8.1/avr5\libgcc.a(_umulsidi3.o)
 .text.libgcc   0x00000000        0x0 c:/program files (x86)/atmel/atmel toolchain/avr8 gcc/native/3.4.1061/avr8-gnu-toolchain/bin/../lib/gcc/avr/4.8.1/avr5\libgcc.a(_umulsidi3.o)
 .text.libgcc.prologue
                0x00000000        0x0 c:/program files (x86)/atmel/atmel toolchain/avr8 gcc/native/3.4.1061/avr8-gnu-toolchain/bin/../lib/gcc/avr/4.8.1/avr5\libgcc.a(_umulsidi3.o)
 .text.libgcc.builtins
                0x00000000        0x0 c:/program files (x86)/atmel/atmel toolchain/avr8 gcc/native/3.4.1061/avr8-gnu-toolchain/bin/../lib/gcc/avr/4.8.1/avr5\libgcc.a(_umulsidi3.o)
 .text.libgcc.fmul
                0x00000000        0x0 c:/program files (x86)/atmel/atmel toolchain/avr8 gcc/native/3.4.1061/avr8-gnu-toolchain/bin/../lib/gcc/avr/4.8.1/avr5\libgcc.a(_umulsidi3.o)
 .text.libgcc.fixed
                0x00000000        0x0 c:/program files (x86)/atmel/atmel toolchain/avr8 gcc/native/3.4.1061/avr8-gnu-toolchain/bin/../lib/gcc/avr/4.8.1/avr5\libgcc.a(_umulsidi3.o)
 .text          0x00000000        0x0 c:/program files (x86)/atmel/atmel toolchain/avr8 gcc/native/3.4.1061/avr8-gnu-toolchain/bin/../lib/gcc/avr/4.8.1/avr5\libgcc.a(_udivdi3.o)
 .data          0x00000000        0x0 c:/program files (x86)/atmel/atmel toolchain/avr8 gcc/native/3.4.1061/avr8-gnu-toolchain/bin/../lib/gcc/avr/4.8.1/avr5\libgcc.a(_udivdi3.o)
 .bss           0x00000000        0x0 c:/program files (x86)/atmel/atmel toolchain/avr8 gcc/native/3.4.1061/avr8-gnu-toolchain/bin/../lib/gcc/avr/4.8.1/avr5\libgcc.a(_udivdi3.o)
 .text.libgcc.mul
                0x00000000        0x0 c:/program files (x86)/atmel/atmel toolchain/avr8 gcc/native/3.4.1061/avr8-gnu-toolchain/bin/../lib/gcc/avr/4.8.1/avr5\libgcc.a(_udivdi3.o)
 .text.libgcc   0x00000000        0x0 c:/program files (x86)/atmel/atmel toolchain/avr8 gcc/native/3.4.1061/avr8-gnu-toolchain/bin/../lib/gcc/avr/4.8.1/avr5\libgcc.a(_udivdi3.o)
 .text.libgcc.prologue
                0x00000000        0x0 c:/program files (x86)/atmel/atmel toolchain/avr8 gcc/native/3.4.1061/avr8-gnu-toolchain/bin/../lib/gcc/avr/4.8.1/avr5\libgcc.a(_udivdi3.o)
 .text.libgcc.builtins
                0x00000000        0x0 c:/program files (x86)/atmel/atmel toolchain/avr8 gcc/native/3.4.1061/avr8-gnu-toolchain/bin/../lib/gcc/avr/4.8.1/avr5\libgcc.a(_udivdi3.o)
 .text.libgcc.fmul
                0x00000000        0x0 c:/program files (x86)/atmel/atmel toolchain/avr8 gcc/native/3.4.1061/avr8-gnu-toolchain/bin/../lib/gcc/avr/4.8.1/avr5\libgcc.a(_udivdi3.o)
 .text.libgcc.fixed
                0x00000000        0x0 c:/program files (x86)/atmel/atmel toolchain/avr8 gcc/native/3.4.1061/avr8-gnu-toolchain/bin/../lib/gcc/avr/4.8.1/avr5\libgcc.a(_udivdi3.o)
 .text          0x00000000        0x0 c:/program files (x86)/atmel/atmel toolchain/avr8 gcc/native/3.4.1061/avr8-gnu-toolchain/bin/../lib/gcc/avr/4.8.1/avr5\libgcc.a(_udivmod64.o)
 .data          0x00000000        0x0 c:/program files (x86)/atmel/atmel toolchain/avr8 gcc/native/3.4.1061/avr8-gnu-toolchain/bin/../lib/gcc/avr/4.8.1/avr5\libgcc.a(_udivmod64.o)
 .bss           0x00000000        0x0 c:/program files (x86)/atmel/atmel toolchain/avr8 gcc/native/3.4.1061/avr8-gnu-toolchain/bin/../lib/gcc/avr/4.8.1/avr5\libgcc.a(_udivmod64.o)
 .text.libgcc.mul
                0x00000000        0x0 c:/program files (x86)/atmel/atmel toolchain/avr8 gcc/native/3.4.1061/avr8-gnu-toolchain/bin/../lib/gcc/avr/4.8.1/avr5\libgcc.a(_udivmod64.o)
 .text.libgcc   0x00000000        0x0 c:/program files (x86)/atmel/atmel toolchain/avr8 gcc/native/3.4.1061/avr8-gnu-toolchain/bin/../lib/gcc/avr/4.8.1/avr5\libgcc.a(_udivmod64.o)
 .text.libgcc.prologue
                0x00000000        0x0 c:/program files (x86)/atmel/atmel toolchain/avr8 gcc/native/3.4.1061/avr8-gnu-toolchain/bin/../lib/gcc/avr/4.8.1/avr5\libgcc.a(_udivmod64.o)
 .text.libgcc.builtins
                0x00000000        0x0 c:/program files (x86)/atmel/atmel toolchain/avr8 gcc/native/3.4.1061/avr8-gnu-toolchain/bin/../lib/gcc/avr/4.8.1/avr5\libgcc.a(_udivmod64.o)
 .text.libgcc.fmul
                0x00000000        0x0 c:/program files (x86)/atmel/atmel toolchain/avr8 gcc/native/3.4.1061/avr8-gnu-toolchain/bin/../lib/gcc/avr/4.8.1/avr5\libgcc.a(_udivmod64.o)
 .text.libgcc.fixed
                0x00000000        0x0 c:/program files (x86)/atmel/atmel toolchain/avr8 gcc/native/3.4.1061/avr8-gnu-toolchain/bin/../lib/gcc/avr/4.8.1/avr5\libgcc.a(_udivmod64.o)
 .text          0x00000000        0x0 c:/program files (x86)/atmel/atmel toolchain/avr8 gcc/native/3.4.1061/avr8-gnu-toolchain/bin/../lib/gcc/avr/4.8.1/avr5\libgcc.a(_ashldi3.o)
 .data          0x00000000        0x0 c:/program files (x86)/atmel/atmel toolchain/avr8 gcc/native/3.4.1061/avr8-gnu-toolchain/bin/../lib/gcc/avr/4.8.1/avr5\libgcc.a(_ashldi3.o)
 .bss           0x00000000        0x0 c:/program files (x86)/atmel/atmel toolchain/avr8 gcc/native/3.4.1061/avr8-gnu-toolchain/bin/../lib/gcc/avr/4.8.1/avr5\libgcc.a(_ashldi3.o)
 .text.libgcc.mul
                0x00000000        0x0 c:/program files (x86)/atmel/atmel toolchain/avr8 gcc/native/3.4.1061/avr8-gnu-toolchain/bin/../lib/gcc/avr/4.8.1/avr5\libgcc.a(_ashldi3.o)
 .text.libgcc.div
                0x00000000        0x0 c:/program files (x86)/atmel/atmel toolchain/avr8 gcc/native/3.4.1061/avr8-gnu-toolchain/bin/../lib/gcc/avr/4.8.1/avr5\libgcc.a(_ashldi3.o)
 .text.libgcc   0x00000000        0x0 c:/program files (x86)/atmel/atmel toolchain/avr8 gcc/native/3.4.1061/avr8-gnu-toolchain/bin/../lib/gcc/avr/4.8.1/avr5\libgcc.a(_ashldi3.o)
 .text.libgcc.prologue
                0x00000000        0x0 c:/program files (x86)/atmel/atmel toolchain/avr8 gcc/native/3.4.1061/avr8-gnu-toolchain/bin/../lib/gcc/avr/4.8.1/avr5\libgcc.a(_ashldi3.o)
 .text.libgcc.fmul
                0x00000000        0x0 c:/program files (x86)/atmel/atmel toolchain/avr8 gcc/native/3.4.1061/avr8-gnu-toolchain/bin/../lib/gcc/avr/4.8.1/avr5\libgcc.a(_ashldi3.o)
 .text.libgcc.fixed
                0x00000000        0x0 c:/program files (x86)/atmel/atmel toolchain/avr8 gcc/native/3.4.1061/avr8-gnu-toolchain/bin/../lib/gcc/avr/4.8.1/avr5\libgcc.a(_ashldi3.o)
 .text          0x00000000        0x0 c:/program files (x86)/atmel/atmel toolchain/avr8 gcc/native/3.4.1061/avr8-gnu-toolchain/bin/../lib/gcc/avr/4.8.1/avr5\libgcc.a(_ashrdi3.o)
 .data          0x00000000        0x0 c:/program files (x86)/atmel/atmel toolchain/avr8 gcc/native/3.4.1061/avr8-gnu-toolchain/bin/../lib/gcc/avr/4.8.1/avr5\libgcc.a(_ashrdi3.o)
 .bss           0x00000000        0x0 c:/program files (x86)/atmel/atmel toolchain/avr8 gcc/native/3.4.1061/avr8-gnu-toolchain/bin/../lib/gcc/avr/4.8.1/avr5\libgcc.a(_ashrdi3.o)
 .text.libgcc.mul
                0x00000000        0x0 c:/program files (x86)/atmel/atmel toolchain/avr8 gcc/native/3.4.1061/avr8-gnu-toolchain/bin/../lib/gcc/avr/4.8.1/avr5\libgcc.a(_ashrdi3.o)
 .text.libgcc.div
                0x00000000        0x0 c:/program files (x86)/atmel/atmel toolchain/avr8 gcc/native/3.4.1061/avr8-gnu-toolchain/bin/../lib/gcc/avr/4.8.1/avr5\libgcc.a(_ashrdi3.o)
 .text.libgcc   0x00000000        0x0 c:/program files (x86)/atmel/atmel toolchain/avr8 gcc/native/3.4.1061/avr8-gnu-toolchain/bin/../lib/gcc/avr/4.8.1/avr5\libgcc.a(_ashrdi3.o)
 .text.libgcc.prologue
                0x00000000        0x0 c:/program files (x86)/atmel/atmel toolchain/avr8 gcc/native/3.4.1061/avr8-gnu-toolchain/bin/../lib/gcc/avr/4.8.1/avr5\libgcc.a(_ashrdi3.o)
 .text.libgcc.fmul
                0x00000000        0x0 c:/program files (x86)/atmel/atmel toolchain/avr8 gcc/native/3.4.1061/avr8-gnu-toolchain/bin/../lib/gcc/avr/4.8.1/avr5\libgcc.a(_ashrdi3.o)
 .text.libgcc.fixed
                0x00000000        0x0 c:/program files (x86)/atmel/atmel toolchain/avr8 gcc/native/3.4.1061/avr8-gnu-toolchain/bin/../lib/gcc/avr/4.8.1/avr5\libgcc.a(_ashrdi3.o)
 .text          0x00000000        0x0 c:/program files (x86)/atmel/atmel toolchain/avr8 gcc/native/3.4.1061/avr8-gnu-toolchain/bin/../lib/gcc/avr/4.8.1/avr5\libgcc.a(_umulhisi3.o)
 .data          0x00000000        0x0 c:/program files (x86)/atmel/atmel toolchain/avr8 gcc/native/3.4.1061/avr8-gnu-toolchain/bin/../lib/gcc/avr/4.8.1/avr5\libgcc.a(_umulhisi3.o)
 .bss           0x00000000        0x0 c:/program files (x86)/atmel/atmel toolchain/avr8 gcc/native/3.4.1061/avr8-gnu-toolchain/bin/../lib/gcc/avr/4.8.1/avr5\libgcc.a(_umulhisi3.o)
 .text.libgcc.div
                0x00000000        0x0 c:/program files (x86)/atmel/atmel toolchain/avr8 gcc/native/3.4.1061/avr8-gnu-toolchain/bin/../lib/gcc/avr/4.8.1/avr5\libgcc.a(_umulhisi3.o)
 .text.libgcc   0x00000000        0x0 c:/program files (x86)/atmel/atmel toolchain/avr8 gcc/native/3.4.1061/avr8-gnu-toolchain/bin/../lib/gcc/avr/4.8.1/avr5\libgcc.a(_umulhisi3.o)
 .text.libgcc.prologue
                0x00000000        0x0 c:/program files (x86)/atmel/atmel toolchain/avr8 gcc/native/3.4.1061/avr8-gnu-toolchain/bin/../lib/gcc/avr/4.8.1/avr5\libgcc.a(_umulhisi3.o)
 .text.libgcc.builtins
                0x00000000        0x0 c:/program files (x86)/atmel/atmel toolchain/avr8 gcc/native/3.4.1061/avr8-gnu-toolchain/bin/../lib/gcc/avr/4.8.1/avr5\libgcc.a(_umulhisi3.o)
 .text.libgcc.fmul
                0x00000000        0x0 c:/program files (x86)/atmel/atmel toolchain/avr8 gcc/native/3.4.1061/avr8-gnu-toolchain/bin/../lib/gcc/avr/4.8.1/avr5\libgcc.a(_umulhisi3.o)
 .text.libgcc.fixed
                0x00000000        0x0 c:/program files (x86)/atmel/atmel toolchain/avr8 gcc/native/3.4.1061/avr8-gnu-toolchain/bin/../lib/gcc/avr/4.8.1/avr5\libgcc.a(_umulhisi3.o)

Memory Configuration

Name             Origin             Length             Attributes
text             0x00000000         0x00020000         xr
data             0x00800060         0x0000ffa0         rw !x
eeprom           0x00810000         0x00010000         rw !x
fuse             0x00820000         0x00000400         rw !x
lock             0x00830000         0x00000400         rw !x
signature        0x00840000         0x00000400         rw !x
user_signatures  0x00850000         0x00000400         rw !x
*default*        0x00000000         0xffffffff

Linker script and memory map

Address of section .data set to 0x800100
LOAD c:/program files (x86)/atmel/atmel toolchain/avr8 gcc/native/3.4.1061/avr8-gnu-toolchain/bin/../lib/gcc/avr/4.8.1/../../../../avr/lib/avr5/crtm328p.o
LOAD MIDILib.o
LOAD serialLib.o
LOAD SynthLCD.o
START GROUP
LOAD c:/program files (x86)/atmel/atmel toolchain/avr8 gcc/native/3.4.1061/avr8-gnu-toolchain/bin/../lib/gcc/avr/4.8.1/../../../../avr/lib/avr5\libm.a
END GROUP
LOAD c:/program files (x86)/atmel/atmel toolchain/avr8 gcc/native/3.4.1061/avr8-gnu-toolchain/bin/../lib/gcc/avr/4.8.1/avr5\libgcc.a
LOAD c:/program files (x86)/atmel/atmel toolchain/avr8 gcc/native/3.4.1061/avr8-gnu-toolchain/bin/../lib/gcc/avr/4.8.1/../../../../avr/lib/avr5\libm.a
START GROUP
LOAD c:/program files (x86)/atmel/atmel toolchain/avr8 gcc/native/3.4.1061/avr8-gnu-toolchain/bin/../lib/gcc/avr/4.8.1/avr5\libgcc.a
LOAD c:/program files (x86)/atmel/atmel toolchain/avr8 gcc/native/3.4.1061/avr8-gnu-toolchain/bin/../lib/gcc/avr/4.8.1/../../../../avr/lib/avr5\libm.a
LOAD c:/program files (x86)/atmel/atmel toolchain/avr8 gcc/native/3.4.1061/avr8-gnu-toolchain/bin/../lib/gcc/avr/4.8.1/../../../../avr/lib/avr5\libc.a
END GROUP

.hash
 *(.hash)

.dynsym
 *(.dynsym)

.dynstr
 *(.dynstr)

.gnu.version
 *(.gnu.version)

.gnu.version_d
 *(.gnu.version_d)

.gnu.version_r
 *(.gnu.version_r)

.rel.init
 *(.rel.init)

.rela.init
 *(.rela.init)

.rel.text
 *(.rel.text)
 *(.rel.text.*)
 *(.rel.gnu.linkonce.t*)

.rela.text
 *(.rela.text)
 *(.rela.text.*)
 *(.rela.gnu.linkonce.t*)

.rel.fini
 *(.rel.fini)

.rela.fini
 *(.rela.fini)

.rel.rodata
 *(.rel.rodata)
 *(.rel.rodata.*)
 *(.rel.gnu.linkonce.r*)

.rela.rodata
 *(.rela.rodata)
 *(.rela.rodata.*)
 *(.rela.gnu.linkonce.r*)

.rel.data
 *(.rel.data)
 *(.rel.data.*)
 *(.rel.gnu.linkonce.d*)

.rela.data
 *(.rela.data)
 *(.rela.data.*)
 *(.rela.gnu.linkonce.d*)

.rel.ctors
 *(.rel.ctors)

.rela.ctors
 *(.rela.ctors)

.rel.dtors
 *(.rel.dtors)

.rela.dtors
 *(.rela.dtors)

.rel.got
 *(.rel.got)

.rela.got
 *(.rela.got)

.rel.bss
 *(.rel.bss)

.rela.bss
 *(.rela.bss)

.rel.plt
 *(.rel.plt)

.rela.plt
 *(.rela.plt)

.text           0x00000000     0x13c2
 *(.vectors)
 .vectors       0x00000000       0x68 c:/program files (x86)/atmel/atmel toolchain/avr8 gcc/native/3.4.1061/avr8-gnu-toolchain/bin/../lib/gcc/avr/4.8.1/../../../../avr/lib/avr5/crtm328p.o
                0x00000000                __vector_default
                0x00000000                __vectors
 *(.vectors)
 *(.progmem.gcc*)
                0x00000068                . = ALIGN (0x2)
                0x00000068                __trampolines_start = .
 *(.trampolines)
 .trampolines   0x00000068        0x0 linker stubs
 *(.trampolines*)
                0x00000068                __trampolines_end = .
 *(.progmem*)
 .progmem.data._ZL15analogWaveTable
                0x00000068      0x600 SynthLCD.o
                0x00000668                . = ALIGN (0x2)
 *(.jumptables)
 *(.jumptables*)
 *(.lowtext)
 *(.lowtext*)
                0x00000668                __ctors_start = .
 *(.ctors)
                0x00000668                __ctors_end = .
                0x00000668                __dtors_start = .
 *(.dtors)
                0x00000668                __dtors_end = .
 SORT(*)(.ctors)
 SORT(*)(.dtors)
 *(.init0)
 .init0         0x00000668        0x0 c:/program files (x86)/atmel/atmel toolchain/avr8 gcc/native/3.4.1061/avr8-gnu-toolchain/bin/../lib/gcc/avr/4.8.1/../../../../avr/lib/avr5/crtm328p.o
                0x00000668                __init
 *(.init0)
 *(.init1)
 *(.init1)
 *(.init2)
 .init2         0x00000668        0xc c:/program files (x86)/atmel/atmel toolchain/avr8 gcc/native/3.4.1061/avr8-gnu-toolchain/bin/../lib/gcc/avr/4.8.1/../../../../avr/lib/avr5/crtm328p.o
 *(.init2)
 *(.init3)
 *(.init3)
 *(.init4)
 .init4         0x00000674       0x16 c:/program files (x86)/atmel/atmel toolchain/avr8 gcc/native/3.4.1061/avr8-gnu-toolchain/bin/../lib/gcc/avr/4.8.1/avr5\libgcc.a(_copy_data.o)
                0x00000674                __do_copy_data
 .init4         0x0000068a       0x10 c:/program files (x86)/atmel/atmel toolchain/avr8 gcc/native/3.4.1061/avr8-gnu-toolchain/bin/../lib/gcc/avr/4.8.1/avr5\libgcc.a(_clear_bss.o)
                0x0000068a                __do_clear_bss
 *(.init4)
 *(.init5)
 *(.init5)
 *(.init6)
 *(.init6)
 *(.init7)
 *(.init7)
 *(.init8)
 *(.init8)
 *(.init9)
 .init9         0x0000069a        0x8 c:/program files (x86)/atmel/atmel toolchain/avr8 gcc/native/3.4.1061/avr8-gnu-toolchain/bin/../lib/gcc/avr/4.8.1/../../../../avr/lib/avr5/crtm328p.o
 *(.init9)
 *(.text)
 .text          0x000006a2        0x4 c:/program files (x86)/atmel/atmel toolchain/avr8 gcc/native/3.4.1061/avr8-gnu-toolchain/bin/../lib/gcc/avr/4.8.1/../../../../avr/lib/avr5/crtm328p.o
                0x000006a2                __vector_22
                0x000006a2                __vector_1
                0x000006a2                __vector_24
                0x000006a2                __vector_12
                0x000006a2                __bad_interrupt
                0x000006a2                __vector_6
                0x000006a2                __vector_3
                0x000006a2                __vector_23
                0x000006a2                __vector_25
                0x000006a2                __vector_11
                0x000006a2                __vector_13
                0x000006a2                __vector_17
                0x000006a2                __vector_19
                0x000006a2                __vector_7
                0x000006a2                __vector_5
                0x000006a2                __vector_4
                0x000006a2                __vector_2
                0x000006a2                __vector_15
                0x000006a2                __vector_8
                0x000006a2                __vector_14
                0x000006a2                __vector_10
                0x000006a2                __vector_16
                0x000006a2                __vector_20
                0x000006a6                . = ALIGN (0x2)
 *(.text.*)
 .text.__vector_18
                0x000006a6       0x14 MIDILib.o
                0x000006a6                __vector_18
 .text._Z10serialInitv
                0x000006ba       0x18 serialLib.o
                0x000006ba                _Z10serialInitv
 .text._Z20lfoRouteFilterCutoffv
                0x000006d2       0x5a SynthLCD.o
                0x000006d2                _Z20lfoRouteFilterCutoffv
 .text._Z5setupv
                0x0000072c      0x524 SynthLCD.o
                0x0000072c                _Z5setupv
 .text.startup.main
                0x00000c50        0x6 SynthLCD.o
                0x00000c50                main
 .text.__vector_21
                0x00000c56       0x5a SynthLCD.o
                0x00000c56                __vector_21
 .text.__vector_9
                0x00000cb0      0x486 SynthLCD.o
                0x00000cb0                __vector_9
 .text.libgcc.mul
                0x00001136       0x20 c:/program files (x86)/atmel/atmel toolchain/avr8 gcc/native/3.4.1061/avr8-gnu-toolchain/bin/../lib/gcc/avr/4.8.1/avr5\libgcc.a(_mulsi3.o)
                0x00001136                __mulsi3
 .text.libgcc.mul
                0x00001156       0x16 c:/program files (x86)/atmel/atmel toolchain/avr8 gcc/native/3.4.1061/avr8-gnu-toolchain/bin/../lib/gcc/avr/4.8.1/avr5\libgcc.a(_muluhisi3.o)
                0x00001156                __muluhisi3
 .text.libgcc.mul
                0x0000116c       0xa0 c:/program files (x86)/atmel/atmel toolchain/avr8 gcc/native/3.4.1061/avr8-gnu-toolchain/bin/../lib/gcc/avr/4.8.1/avr5\libgcc.a(_muldi3.o)
                0x0000116c                __muldi3
 .text.libgcc.mul
                0x0000120c       0x12 c:/program files (x86)/atmel/atmel toolchain/avr8 gcc/native/3.4.1061/avr8-gnu-toolchain/bin/../lib/gcc/avr/4.8.1/avr5\libgcc.a(_muldi3_6.o)
                0x0000120c                __muldi3_6
 .text.libgcc.mul
                0x0000121e       0x56 c:/program files (x86)/atmel/atmel toolchain/avr8 gcc/native/3.4.1061/avr8-gnu-toolchain/bin/../lib/gcc/avr/4.8.1/avr5\libgcc.a(_umulsidi3.o)
                0x0000121e                __umulsidi3
                0x00001220                __umulsidi3_helper
 .text.libgcc.div
                0x00001274       0x1c c:/program files (x86)/atmel/atmel toolchain/avr8 gcc/native/3.4.1061/avr8-gnu-toolchain/bin/../lib/gcc/avr/4.8.1/avr5\libgcc.a(_udivdi3.o)
                0x00001274                __umoddi3
                0x00001278                __udivdi3
                0x0000127a                __udivdi3_umoddi3
 .text.libgcc.div
                0x00001290       0xa2 c:/program files (x86)/atmel/atmel toolchain/avr8 gcc/native/3.4.1061/avr8-gnu-toolchain/bin/../lib/gcc/avr/4.8.1/avr5\libgcc.a(_udivmod64.o)
                0x00001290                __udivmod64
 .text.libgcc.builtins
                0x00001332       0x32 c:/program files (x86)/atmel/atmel toolchain/avr8 gcc/native/3.4.1061/avr8-gnu-toolchain/bin/../lib/gcc/avr/4.8.1/avr5\libgcc.a(_ashldi3.o)
                0x00001332                __ashldi3
 .text.libgcc.builtins
                0x00001364       0x3c c:/program files (x86)/atmel/atmel toolchain/avr8 gcc/native/3.4.1061/avr8-gnu-toolchain/bin/../lib/gcc/avr/4.8.1/avr5\libgcc.a(_ashrdi3.o)
                0x00001364                __ashrdi3
                0x00001368                __lshrdi3
 .text.libgcc.mul
                0x000013a0       0x1e c:/program files (x86)/atmel/atmel toolchain/avr8 gcc/native/3.4.1061/avr8-gnu-toolchain/bin/../lib/gcc/avr/4.8.1/avr5\libgcc.a(_umulhisi3.o)
                0x000013a0                __umulhisi3
                0x000013be                . = ALIGN (0x2)
 *(.fini9)
 .fini9         0x000013be        0x0 c:/program files (x86)/atmel/atmel toolchain/avr8 gcc/native/3.4.1061/avr8-gnu-toolchain/bin/../lib/gcc/avr/4.8.1/avr5\libgcc.a(_exit.o)
                0x000013be                _exit
                0x000013be                exit
 *(.fini9)
 *(.fini8)
 *(.fini8)
 *(.fini7)
 *(.fini7)
 *(.fini6)
 *(.fini6)
 *(.fini5)
 *(.fini5)
 *(.fini4)
 *(.fini4)
 *(.fini3)
 *(.fini3)
 *(.fini2)
 *(.fini2)
 *(.fini1)
 *(.fini1)
 *(.fini0)
 .fini0         0x000013be        0x4 c:/program files (x86)/atmel/atmel toolchain/avr8 gcc/native/3.4.1061/avr8-gnu-toolchain/bin/../lib/gcc/avr/4.8.1/avr5\libgcc.a(_exit.o)
 *(.fini0)
                0x000013c2                _etext = .

.data           0x00800100      0x17c load address 0x000013c2
                0x00800100                PROVIDE (__data_start, .)
 *(.data)
 *(.data*)
 .data.lfsrState
                0x00800100        0x2 SynthLCD.o
                0x00800100                lfsrState
 .data.poles    0x00800102        0x1 SynthLCD.o
                0x00800102                poles
 .data.filterCutoff
                0x00800103        0x1 SynthLCD.o
                0x00800103                filterCutoff
 .data.osc2WaveForm
                0x00800104        0x1 SynthLCD.o
                0x00800104                osc2WaveForm
 .data.osc1WaveForm
                0x00800105        0x1 SynthLCD.o
                0x00800105                osc1WaveForm
 .data.notePlaying
                0x00800106        0x1 SynthLCD.o
                0x00800106                notePlaying
 .data.lfoDepth
                0x00800107        0x1 SynthLCD.o
                0x00800107                lfoDepth
 .data.osc2Note
                0x00800108        0x1 SynthLCD.o
                0x00800108                osc2Note
 .data.osc2Weight
                0x00800109        0x1 SynthLCD.o
                0x00800109                osc2Weight
 .data.osc2CentsShift
                0x0080010a        0x2 SynthLCD.o
                0x0080010a                osc2CentsShift
 .data.osc1Weight
                0x0080010c        0x1 SynthLCD.o
                0x0080010c                osc1Weight
 .data.osc1Note
                0x0080010d        0x1 SynthLCD.o
                0x0080010d                osc1Note
 *(.rodata)
 *(.rodata*)
 .rodata._ZL7keyFreq
                0x0080010e      0x160 SynthLCD.o
 .rodata._ZL14waveformOffset
                0x0080026e        0xe SynthLCD.o
 *(.gnu.linkonce.d*)
                0x0080027c                . = ALIGN (0x2)
                0x0080027c                _edata = .
                0x0080027c                PROVIDE (__data_end, .)

.bss            0x0080027c       0x6b
                0x0080027c                PROVIDE (__bss_start, .)
 *(.bss)
 *(.bss*)
 .bss.dFilterCutoff
                0x0080027c        0x1 SynthLCD.o
                0x0080027c                dFilterCutoff
 .bss.prevOutput
                0x0080027d        0x8 SynthLCD.o
                0x0080027d                prevOutput
 .bss.reftime   0x00800285        0x4 SynthLCD.o
                0x00800285                reftime
 .bss.refclk    0x00800289        0x4 SynthLCD.o
                0x00800289                refclk
 .bss.stepConst
                0x0080028d        0x4 SynthLCD.o
                0x0080028d                stepConst
 .bss.lfoRouteFunction
                0x00800291        0x2 SynthLCD.o
                0x00800291                lfoRouteFunction
 .bss.lfoWaveForm
                0x00800293        0x1 SynthLCD.o
                0x00800293                lfoWaveForm
 .bss.lfoFreq   0x00800294        0x4 SynthLCD.o
                0x00800294                lfoFreq
 .bss.lfoOut    0x00800298        0x4 SynthLCD.o
                0x00800298                lfoOut
 .bss.lfoPhaccu
                0x0080029c        0x4 SynthLCD.o
                0x0080029c                lfoPhaccu
 .bss.lfoTWord  0x008002a0        0x4 SynthLCD.o
                0x008002a0                lfoTWord
 .bss.ringMod   0x008002a4        0x1 SynthLCD.o
                0x008002a4                ringMod
 .bss.osc2Sync  0x008002a5        0x1 SynthLCD.o
                0x008002a5                osc2Sync
 .bss.osc2Out   0x008002a6        0x6 SynthLCD.o
                0x008002a6                osc2Out
 .bss.osc2PhaseShift
                0x008002ac        0x1 SynthLCD.o
                0x008002ac                osc2PhaseShift
 .bss.osc2OctaveShift
                0x008002ad        0x1 SynthLCD.o
                0x008002ad                osc2OctaveShift
 .bss.dOsc2SemisShift
                0x008002ae        0x1 SynthLCD.o
                0x008002ae                dOsc2SemisShift
 .bss.osc2SemisShift
                0x008002af        0x1 SynthLCD.o
                0x008002af                osc2SemisShift
 .bss.dOsc2CentsShift
                0x008002b0        0x1 SynthLCD.o
                0x008002b0                dOsc2CentsShift
 .bss.osc2TWord
                0x008002b1        0x4 SynthLCD.o
                0x008002b1                osc2TWord
 .bss.osc2Phaccu
                0x008002b5        0x4 SynthLCD.o
                0x008002b5                osc2Phaccu
 .bss.osc2Freq  0x008002b9        0x4 SynthLCD.o
                0x008002b9                osc2Freq
 .bss.osc1Out   0x008002bd        0x6 SynthLCD.o
                0x008002bd                osc1Out
 .bss.osc1PhaseShift
                0x008002c3        0x1 SynthLCD.o
                0x008002c3                osc1PhaseShift
 .bss.osc1OctaveShift
                0x008002c4        0x1 SynthLCD.o
                0x008002c4                osc1OctaveShift
 .bss.dOsc1SemisShift
                0x008002c5        0x1 SynthLCD.o
                0x008002c5                dOsc1SemisShift
 .bss.osc1SemisShift
                0x008002c6        0x1 SynthLCD.o
                0x008002c6                osc1SemisShift
 .bss.dOsc1CentsShift
                0x008002c7        0x1 SynthLCD.o
                0x008002c7                dOsc1CentsShift
 .bss.osc1CentsShift
                0x008002c8        0x2 SynthLCD.o
                0x008002c8                osc1CentsShift
 .bss.osc1TWord
                0x008002ca        0x4 SynthLCD.o
                0x008002ca                osc1TWord
 .bss.osc1Phaccu
                0x008002ce        0xc SynthLCD.o
                0x008002ce                osc1Phaccu
 .bss.osc1Freq  0x008002da        0x4 SynthLCD.o
                0x008002da                osc1Freq
 .bss.adcValue  0x008002de        0x8 SynthLCD.o
                0x008002de                adcValue
 .bss.adcSelect
                0x008002e6        0x1 SynthLCD.o
                0x008002e6                adcSelect
 *(COMMON)
                0x008002e7                PROVIDE (__bss_end, .)
                0x000013c2                __data_load_start = LOADADDR (.data)
                0x0000153e                __data_load_end = (__data_load_start + SIZEOF (.data))

.noinit         0x008002e7        0x0
                0x008002e7                PROVIDE (__noinit_start, .)
 *(.noinit*)
                0x008002e7                PROVIDE (__noinit_end, .)
                0x008002e7                _end = .
                0x008002e7                PROVIDE (__heap_start, .)

.eeprom         0x00810000        0x0
 *(.eeprom*)
                0x00810000                __eeprom_end = .

.fuse
 *(.fuse)
 *(.lfuse)
 *(.hfuse)
 *(.efuse)

.lock
 *(.lock*)

.signature
 *(.signature*)

.user_signatures
 *(.user_signatures*)

.stab
 *(.stab)

.stabstr
 *(.stabstr)

.stab.excl
 *(.stab.excl)

.stab.exclstr
 *(.stab.exclstr)

.stab.index
 *(.stab.index)

.stab.indexstr
 *(.stab.indexstr)

.comment        0x00000000       0x30
 *(.comment)
 .comment       0x00000000       0x30 MIDILib.o
                                 0x31 (size before relaxing)
 .comment       0x00000000       0x31 serialLib.o
 .comment       0x00000000       0x31 SynthLCD.o

.note.gnu.build-id
 *(.note.gnu.build-id)

.debug
 *(.debug)

.line
 *(.line)

.debug_srcinfo
 *(.debug_srcinfo)

.debug_sfnames
 *(.debug_sfnames)

.debug_aranges  0x00000000       0xe0
 *(.debug_aranges)
 .debug_aranges
                0x00000000       0x20 MIDILib.o
 .debug_aranges
                0x00000020       0x48 serialLib.o
 .debug_aranges
                0x00000068       0x78 SynthLCD.o

.debug_pubnames
 *(.debug_pubnames)

.debug_info     0x00000000     0x1743
 *(.debug_info .gnu.linkonce.wi.*)
 .debug_info    0x00000000       0x7b MIDILib.o
 .debug_info    0x0000007b      0x26b serialLib.o
 .debug_info    0x000002e6     0x145d SynthLCD.o

.debug_abbrev   0x00000000      0x49a
 *(.debug_abbrev)
 .debug_abbrev  0x00000000       0x45 MIDILib.o
 .debug_abbrev  0x00000045      0x16a serialLib.o
 .debug_abbrev  0x000001af      0x2eb SynthLCD.o

.debug_line     0x00000000      0xb2f
 *(.debug_line .debug_line.* .debug_line_end)
 .debug_line    0x00000000      0x21f MIDILib.o
 .debug_line    0x0000021f      0x283 serialLib.o
 .debug_line    0x000004a2      0x68d SynthLCD.o

.debug_frame    0x00000000      0x2d0
 *(.debug_frame)
 .debug_frame   0x00000000       0x30 MIDILib.o
 .debug_frame   0x00000030       0x74 serialLib.o
 .debug_frame   0x000000a4      0x22c SynthLCD.o

.debug_str      0x00000000     0x8b95
 *(.debug_str)
 .debug_str     0x00000000     0x5bb6 MIDILib.o
                               0x5c61 (size before relaxing)
 .debug_str     0x00005bb6      0x1dc serialLib.o
                               0x5e19 (size before relaxing)
 .debug_str     0x00005d92     0x2e03 SynthLCD.o
                               0x8b65 (size before relaxing)

.debug_loc      0x00000000     0x1024
 *(.debug_loc)
 .debug_loc     0x00000000       0x2f MIDILib.o
 .debug_loc     0x0000002f       0x35 serialLib.o
 .debug_loc     0x00000064      0xfc0 SynthLCD.o

.debug_macinfo
 *(.debug_macinfo)

.debug_weaknames
 *(.debug_weaknames)

.debug_funcnames
 *(.debug_funcnames)

.debug_typenames
 *(.debug_typenames)

.debug_varnames
 *(.debug_varnames)

.debug_pubtypes
 *(.debug_pubtypes)

.debug_ranges   0x00000000      0x228
 *(.debug_ranges)
 .debug_ranges  0x00000000       0x10 MIDILib.o
 .debug_ranges  0x00000010       0x38 serialLib.o
 .debug_ranges  0x00000048      0x1e0 SynthLCD.o

.debug_macro    0x00000000     0x2c72
 *(.debug_macro)
 .debug_macro   0x00000000       0x95 MIDILib.o
 .debug_macro   0x00000095      0xa2a MIDILib.o
 .debug_macro   0x00000abf       0x10 MIDILib.o
 .debug_macro   0x00000acf       0x1e MIDILib.o
 .debug_macro   0x00000aed       0x9e MIDILib.o
 .debug_macro   0x00000b8b     0x13ae MIDILib.o
 .debug_macro   0x00001f39      0x13a MIDILib.o
 .debug_macro   0x00002073       0xbd MIDILib.o
 .debug_macro   0x00002130       0x34 MIDILib.o
 .debug_macro   0x00002164       0x18 MIDILib.o
 .debug_macro   0x0000217c       0x6c MIDILib.o
 .debug_macro   0x000021e8       0x69 MIDILib.o
 .debug_macro   0x00002251       0x9a serialLib.o
 .debug_macro   0x000022eb       0x28 serialLib.o
 .debug_macro   0x00002313       0x63 serialLib.o
 .debug_macro   0x00002376      0x214 SynthLCD.o
 .debug_macro   0x0000258a       0x10 SynthLCD.o
 .debug_macro   0x0000259a      0x16d SynthLCD.o
 .debug_macro   0x00002707       0x16 SynthLCD.o
 .debug_macro   0x0000271d       0x97 SynthLCD.o
 .debug_macro   0x000027b4       0x10 SynthLCD.o
 .debug_macro   0x000027c4       0x58 SynthLCD.o
 .debug_macro   0x0000281c       0x10 SynthLCD.o
 .debug_macro   0x0000282c       0x20 SynthLCD.o
 .debug_macro   0x0000284c       0xeb SynthLCD.o
 .debug_macro   0x00002937       0x1c SynthLCD.o
 .debug_macro   0x00002953       0x97 SynthLCD.o
 .debug_macro   0x000029ea       0x5a SynthLCD.o
 .debug_macro   0x00002a44      0x12a SynthLCD.o
 .debug_macro   0x00002b6e       0x10 SynthLCD.o
 .debug_macro   0x00002b7e       0x12 SynthLCD.o
 .debug_macro   0x00002b90       0xe2 SynthLCD.o
OUTPUT(SynthLCD.elf elf32-avr)
LOAD linker stubs
